2026-07-07 23:35:12,204 [INFO] Fresh drip-feed target universe: 75 tickers (seed=20260703, pool=277 after excluding 24 already tested)
2026-07-07 23:35:12,354 [ERROR] Alpha Vantage returned no usable data for BK: response missing/empty quarterlyEarnings
2026-07-07 23:35:12,354 [WARNING] BK: no usable data (not a quota issue) -- skipping this symbol, continuing batch
2026-07-07 23:35:27,483 [ERROR] Alpha Vantage returned no usable data for DFS: response missing/empty quarterlyEarnings
2026-07-07 23:35:27,483 [WARNING] DFS: no usable data (not a quota issue) -- skipping this symbol, continuing batch
2026-07-07 23:35:42,596 [INFO] MPWR: 86 quarters fetched (1 fetched so far today)
2026-07-07 23:35:57,705 [INFO] NDAQ: 95 quarters fetched (2 fetched so far today)
2026-07-07 23:36:12,793 [INFO] NVR: 119 quarters fetched (3 fetched so far today)
2026-07-07 23:36:27,904 [INFO] NWL: 121 quarters fetched (4 fetched so far today)
2026-07-07 23:36:43,006 [INFO] PANW: 56 quarters fetched (5 fetched so far today)
2026-07-07 23:36:58,125 [INFO] PCAR: 121 quarters fetched (6 fetched so far today)
2026-07-07 23:37:13,223 [INFO] PGR: 118 quarters fetched (7 fetched so far today)
2026-07-07 23:37:28,338 [INFO] PHM: 121 quarters fetched (8 fetched so far today)
2026-07-07 23:37:43,634 [INFO] PODD: 77 quarters fetched (9 fetched so far today)
2026-07-07 23:37:58,752 [INFO] PPL: 121 quarters fetched (10 fetched so far today)
2026-07-07 23:38:13,852 [INFO] REGN: 119 quarters fetched (11 fetched so far today)
2026-07-07 23:38:28,988 [INFO] RF: 121 quarters fetched (12 fetched so far today)
2026-07-07 23:38:44,092 [INFO] RMD: 119 quarters fetched (13 fetched so far today)
2026-07-07 23:38:59,217 [INFO] ROP: 121 quarters fetched (14 fetched so far today)
2026-07-07 23:39:14,362 [INFO] SJM: 122 quarters fetched (15 fetched so far today)
2026-07-07 23:39:29,471 [INFO] SNPS: 121 quarters fetched (16 fetched so far today)
2026-07-07 23:39:44,589 [INFO] STZ: 121 quarters fetched (17 fetched so far today)
2026-07-07 23:39:59,719 [INFO] TER: 121 quarters fetched (18 fetched so far today)
2026-07-07 23:40:14,886 [INFO] TFC: 121 quarters fetched (19 fetched so far today)
2026-07-07 23:40:29,989 [INFO] TPR: 103 quarters fetched (20 fetched so far today)
2026-07-07 23:40:45,106 [INFO] TROW: 121 quarters fetched (21 fetched so far today)
2026-07-07 23:41:00,265 [INFO] TT: 121 quarters fetched (22 fetched so far today)
2026-07-07 23:41:15,372 [INFO] ULTA: 75 quarters fetched (23 fetched so far today)
2026-07-07 23:41:30,458 [ERROR] Alpha Vantage rate limit hit for USB: We have detected your API key as <REDACTED-SEE-ENV> and our standard API rate limit is 25 requests per day. Please subscribe to any of the premium plans at https://www.alphavantage.co/premium/ to instantly remove all daily rate limits.
2026-07-07 23:41:30,459 [WARNING] Daily quota exhausted, stopping for today (reached USB)
2026-07-07 23:41:30,460 [INFO] Summary: 23 fetched today, 44 already cached from before, 2 confirmed no-data symbols, 6 remaining for future days
2026-07-07 23:41:30,460 [INFO] No-data symbols (won't be retried): ['BK', 'DFS']
2026-07-07 23:41:30,460 [INFO] At ~23/day (today's observed rate): ~1 more day(s) needed
