2026-07-03 09:54:58,513 [INFO] JPM: 121 quarterly events, 1996-04-16 to 2026-04-14
2026-07-03 09:55:13,618 [INFO] BAC: 121 quarterly events, 1996-04-15 to 2026-04-15
2026-07-03 09:55:28,736 [INFO] GS: 108 quarterly events, 1999-06-23 to 2026-04-13
2026-07-03 09:55:43,840 [INFO] JNJ: 121 quarterly events, 1996-04-16 to 2026-04-14
2026-07-03 09:55:58,954 [INFO] UNH: 121 quarterly events, 1996-05-07 to 2026-04-21
2026-07-03 09:56:14,128 [INFO] PFE: 121 quarterly events, 1996-04-16 to 2026-05-05
2026-07-03 09:56:29,236 [INFO] ABBV: 54 quarterly events, 2013-01-23 to 2026-04-29
2026-07-03 09:56:44,376 [INFO] PG: 121 quarterly events, 1996-04-25 to 2026-04-24
2026-07-03 09:56:59,500 [INFO] KO: 121 quarterly events, 1996-04-17 to 2026-04-28
2026-07-03 09:57:14,614 [INFO] WMT: 121 quarterly events, 1996-05-14 to 2026-05-21
2026-07-03 09:57:29,754 [INFO] MCD: 121 quarterly events, 1996-04-18 to 2026-05-07
2026-07-03 09:57:44,855 [INFO] CAT: 121 quarterly events, 1996-04-16 to 2026-04-30
2026-07-03 09:58:00,016 [INFO] HON: 121 quarterly events, 1996-04-25 to 2026-04-23
2026-07-03 09:58:15,133 [INFO] UPS: 106 quarterly events, 2000-01-31 to 2026-04-28
2026-07-03 09:58:30,265 [INFO] XOM: 121 quarterly events, 1996-04-22 to 2026-05-01
2026-07-03 09:58:45,390 [INFO] CVX: 121 quarterly events, 1996-04-22 to 2026-05-01
2026-07-03 09:59:00,520 [INFO] VZ: 121 quarterly events, 1996-04-18 to 2026-04-27
2026-07-03 09:59:15,669 [INFO] DIS: 121 quarterly events, 1996-04-23 to 2026-05-06
2026-07-03 09:59:30,771 [INFO] HD: 121 quarterly events, 1996-05-14 to 2026-05-19
2026-07-03 09:59:45,875 [INFO] COST: 102 quarterly events, 1997-11-30 to 2026-05-28
2026-07-03 10:00:00,993 [INFO] LIN: 121 quarterly events, 1996-04-24 to 2026-05-01
2026-07-03 10:00:16,119 [INFO] DUK: 121 quarterly events, 1996-04-19 to 2026-05-05
2026-07-03 10:00:31,228 [INFO] V: 73 quarterly events, 2008-04-28 to 2026-04-28
